Server started
Status 201 - HTTP_CREATED
Connected to server
Status 200 - PUT reqeuest successful
Content Server connected through: 4567 port
Status 201 - HTTP_CREATED
Connected to server
Status 200 - GET request successful
Client connected through: 4567 port
PUT /atom.xml HTTP/1.1
User-Agent: ATOMClient/1/0
Content-Type: application/atom+xml

<?xml version='1.0'encoding='iso-8859-1'?>
<feed xml:lang='en-US'xmlns='http://www.w3.org/2005/Atom'>
title:My example feed
subtitle:for demonstration purposes
link:www.cs.adelaide.edu.au
updated:2015-08-07T18:30:02Z
author:Santa Claus
id:urn::uuid:60a76c80-d399-11d9-b93C-0003939e0af6
</feed>

Update Lamport Clock: 1
Status 201 - HTTP_CREATED
Connected to server
Status 200 - PUT reqeuest successful
Content Server connected through: 4567 port
Status 201 - HTTP_CREATED
Connected to server
Status 200 - GET request successful
Client connected through: 4567 port
PUT /atom.xml HTTP/1.1
User-Agent: ATOMClient/1/0
Content-Type: application/atom+xml

<?xml version='1.0'encoding='iso-8859-1'?>
<feed xml:lang='en-US'xmlns='http://www.w3.org/2005/Atom'>
title:My example feed
subtitle:for demonstration purposes
link:www.cs.adelaide.edu.au
updated:2015-08-07T18:30:02Z
author:Santa Claus
id:urn::uuid:60a76c80-d399-11d9-b93C-0003939e0af6
entry
title:Nick sets assignment
link:www.cs.adelaide.edu.au/users/third/ds/
id:urn:uuid:1225c695-cfb8-4ebb-aaaa-80da344efa6a
updated:2015-08-07T18:30:02Z
summary:here is some plain text. Because I'm not completely evil, you can assume that this will always be less than 1000 characters. And, as I've said before, it will always be plain text.
entry
title:second feed entry
link:www.cs.adelaide.edu.au/users/third/ds/14ds2s1
id:urn:uuid:1225c695-cfb8-4ebb-aaaa-80da344efa6b
updated:2015-08-07T18:29:02Z
summary:here's another summary entry which a reader would normally use to work out if they wanted to read some more. It's quite handy.
</feed>

Update Lamport Clock: 1