Connection failed 1
Connection failed 2
Connection failed 3
ATOM Server is offline. Please come back later.